// Jest Snapshot v1, https://goo.gl/fbAQLP

exports[`ProfilesList render filtered profiles 1`] = `
<RCTScrollView>
  <View>
    <View
      style={
        Array [
          Object {
            "backgroundColor": "white",
            "borderColor": "#e1e8ee",
            "borderWidth": 1,
            "margin": 15,
            "marginBottom": 0,
            "padding": 15,
            "shadowColor": "rgba(0,0,0, .2)",
            "shadowOffset": Object {
              "height": 0,
              "width": 0,
            },
            "shadowOpacity": 1,
            "shadowRadius": 1,
          },
          undefined,
          undefined,
        ]
      }
    >
      <View
        style={
          Array [
            Object {
              "backgroundColor": "transparent",
            },
            undefined,
            undefined,
          ]
        }
      >
        <View>
          <Text
            accessible={true}
            allowFontScaling={true}
            disabled={false}
            ellipsizeMode="tail"
            style={
              Array [
                Object {},
                undefined,
                undefined,
                undefined,
                undefined,
                undefined,
                undefined,
                undefined,
                undefined,
                undefined,
                Array [
                  Object {
                    "color": "#43484d",
                    "fontSize": 17.5,
                    "fontWeight": "bold",
                    "marginBottom": 15,
                    "textAlign": "center",
                  },
                  undefined,
                  undefined,
                  undefined,
                ],
              ]
            }
          >
            List of Contacts
          </Text>
          <View
            style={
              Array [
                Object {
                  "backgroundColor": "#e1e8ee",
                  "height": 1,
                },
                Array [
                  Object {
                    "marginBottom": 15,
                  },
                  undefined,
                ],
              ]
            }
          />
        </View>
      </View>
    </View>
  </View>
</RCTScrollView>
`;
